# jackhmmer :: iteratively search a protein sequence against a protein database
# HMMER 3.4 (Aug 2023); http://hmmer.org/
# Copyright (C) 2023 Howard Hughes Medical Institute.
# Freely distributed under the BSD open source license.
# - - - - - - - - - - - - - - - - - - - - - - - - - - - - - - - - - - - -
# query sequence file:             queries/RBL1_human.fasta
# target sequence database:        7955.faa
# MSA of hits saved to file:       hmmer_out/RBL1_vs_7955.sto
# per-seq hits tabular output:     hmmer_out/RBL1_vs_7955.tab
# number of worker threads:        4
# - - - - - - - - - - - - - - - - - - - - - - - - - - - - - - - - - - - -

Query:       sp|P28749|RBL1_HUMAN  [L=1068]
Description: Retinoblastoma-like protein 1 OS=Homo sapiens OX=9606 GN=RBL1 PE=1 SV=3

Scores for complete sequences (score includes all domains):
   --- full sequence ---   --- best 1 domain ---    -#dom-
    E-value  score  bias    E-value  score  bias    exp  N  Sequence Description
    ------- ------ -----    ------- ------ -----   ---- --  -------- -----------

   [No hits detected that satisfy reporting thresholds]


Domain annotation for each sequence (and alignments):

   [No targets detected that satisfy reporting thresholds]


Internal pipeline statistics summary:
-------------------------------------
Query model(s):                            1  (1068 nodes)
Target sequences:                       3383  (1658490 residues searched)
Passed MSV filter:                       114  (0.0336979); expected 67.7 (0.02)
Passed bias filter:                       73  (0.0215785); expected 67.7 (0.02)
Passed Vit filter:                         5  (0.00147798); expected 3.4 (0.001)
Passed Fwd filter:                         0  (0); expected 0.0 (1e-05)
Initial search space (Z):               3383  [actual number of targets]
Domain search space  (domZ):               0  [number of targets reported over threshold]
# CPU time: 0.08u 0.00s 00:00:00.08 Elapsed: 00:00:00.06
# Mc/sec: 29454.56

@@ New targets included:   0
@@ New alignment includes: 1 subseqs (was 1), including original query
@@
@@ CONVERGED (in 1 rounds). 
@@

# Alignment of 1 hits satisfying inclusion thresholds saved to: hmmer_out/RBL1_vs_7955.sto
//
[ok]
