# jackhmmer :: iteratively search a protein sequence against a protein database
# HMMER 3.4 (Aug 2023); http://hmmer.org/
# Copyright (C) 2023 Howard Hughes Medical Institute.
# Freely distributed under the BSD open source license.
# - - - - - - - - - - - - - - - - - - - - - - - - - - - - - - - - - - - -
# query sequence file:             queries/RBL2_human.fasta
# target sequence database:        4932.faa
# MSA of hits saved to file:       hmmer_out/RBL2_vs_4932.sto
# per-seq hits tabular output:     hmmer_out/RBL2_vs_4932.tab
# number of worker threads:        4
# - - - - - - - - - - - - - - - - - - - - - - - - - - - - - - - - - - - -

Query:       sp|Q08999|RBL2_HUMAN  [L=1139]
Description: Retinoblastoma-like protein 2 OS=Homo sapiens OX=9606 GN=RBL2 PE=1 SV=3

Scores for complete sequences (score includes all domains):
   --- full sequence ---   --- best 1 domain ---    -#dom-
    E-value  score  bias    E-value  score  bias    exp  N  Sequence             Description
    ------- ------ -----    ------- ------ -----   ---- --  --------             -----------

   [No hits detected that satisfy reporting thresholds]


Domain annotation for each sequence (and alignments):

   [No targets detected that satisfy reporting thresholds]


Internal pipeline statistics summary:
-------------------------------------
Query model(s):                            1  (1139 nodes)
Target sequences:                       6733  (3025957 residues searched)
Passed MSV filter:                       452  (0.067132); expected 134.7 (0.02)
Passed bias filter:                      196  (0.0291104); expected 134.7 (0.02)
Passed Vit filter:                        24  (0.00356453); expected 6.7 (0.001)
Passed Fwd filter:                         1  (0.000148522); expected 0.1 (1e-05)
Initial search space (Z):               6733  [actual number of targets]
Domain search space  (domZ):               0  [number of targets reported over threshold]
# CPU time: 0.17u 0.00s 00:00:00.17 Elapsed: 00:00:00.08
# Mc/sec: 39406.02

@@ New targets included:   0
@@ New alignment includes: 1 subseqs (was 1), including original query
@@
@@ CONVERGED (in 1 rounds). 
@@

# Alignment of 1 hits satisfying inclusion thresholds saved to: hmmer_out/RBL2_vs_4932.sto
//
[ok]
